// Jest Snapshot v1, https://goo.gl/fbAQLP

exports[`<Player />  renders the <Player /> with a bunny video 1`] = `
<div
  class="player__Container-ejax72-0"
>
  <button
    class="player__Button-ejax72-4 bIOWIu"
  >
    Play
  </button>
</div>
`;
